[2026-05-22 13:45:25] 开始购买，QQ: 869760112，数量: 1
[2026-05-22 13:45:26] GET /carts/mini 完成，HTTP 200
[2026-05-22 13:45:29] 加入购物车成功
[2026-05-22 13:45:33] 订单号: qb20260522054535911568881
[2026-05-22 13:46:36] 开始购买，QQ: 869760112，数量: 1
[2026-05-22 13:46:37] GET /carts/mini 完成，HTTP 200
[2026-05-22 13:46:38] 加入购物车成功
[2026-05-22 13:46:41] 订单号: qb20260522054643511237150
[2026-05-22 13:48:02] 开始购买，QQ: 869760112，数量: 1
[2026-05-22 13:48:04] GET /carts/mini 完成，HTTP 200
[2026-05-22 13:48:06] 加入购物车成功
[2026-05-22 13:48:09] 订单号: qb20260522054811959735248
[2026-05-22 13:52:56] 开始购买，QQ: 869760112，数量: 1
[2026-05-22 13:52:57] GET /carts/mini 完成，HTTP 200
[2026-05-22 13:53:01] 加入购物车失败: {"raw": "[SunnyNet]连接到 198.18.0.15:443 超时", "error": "HTTP Error 500: Internal Server Error"}
[2026-05-22 13:53:07] 开始购买，QQ: 869760112，数量: 1
[2026-05-22 13:53:07] GET /carts/mini 完成，HTTP 200
[2026-05-22 13:53:08] 加入购物车成功
[2026-05-22 13:53:10] 订单号: qb20260522055312957299498
[2026-05-22 13:53:10] 支付链接: https://www.hnlsxxkj.com/orders/qb20260522055312957299498/NiupayPay?type=create
[2026-05-22 13:54:13] 开始购买，QQ: 869760112，数量: 2
[2026-05-22 13:54:14] GET /carts/mini 完成，HTTP 200
[2026-05-22 13:54:15] 加入购物车成功
[2026-05-22 13:54:18] 订单号: qb20260522055419977374747
[2026-05-22 13:54:18] 支付链接: https://www.hnlsxxkj.com/orders/qb20260522055419977374747/NiupayPay?type=create
[2026-05-22 13:58:33] 开始购买，QQ: 869760112，数量: 1
[2026-05-22 13:58:36] GET /carts/mini 完成，HTTP 200
[2026-05-22 13:58:38] 加入购物车成功
[2026-05-22 13:58:41] 订单号: qb20260522055844179514867
[2026-05-22 13:58:41] 支付链接: https://www.hnlsxxkj.com/orders/qb20260522055844179514867/NiupayPay?type=create
[2026-05-22 14:01:32] 开始购买，QQ: 869760112，数量: 1
[2026-05-22 14:01:33] GET /carts/mini 完成，HTTP 200
[2026-05-22 14:01:34] 加入购物车成功
[2026-05-22 14:01:35] 订单号: qb20260522060138238140402
[2026-05-22 14:01:35] 支付链接: https://www.hnlsxxkj.com/orders/qb20260522060138238140402/NiupayPay?type=create
[2026-05-22 14:02:04] 开始购买，QQ: 869760112，数量: 1
[2026-05-22 14:02:05] GET /carts/mini 完成，HTTP 200
[2026-05-22 14:02:06] 加入购物车成功
[2026-05-22 14:02:08] 订单号: qb20260522060211077547493
[2026-05-22 14:02:08] 支付链接: https://www.hnlsxxkj.com/orders/qb20260522060211077547493/NiupayPay?type=create
[2026-05-22 14:02:08] 开始购买，QQ: 869760112，数量: 1
[2026-05-22 14:02:09] GET /carts/mini 完成，HTTP 200
[2026-05-22 14:02:11] 加入购物车成功
[2026-05-22 14:02:14] 订单号: qb20260522060216625292568
[2026-05-22 14:02:14] 支付链接: https://www.hnlsxxkj.com/orders/qb20260522060216625292568/NiupayPay?type=create
[2026-05-22 14:27:04] 开始购买，QQ: 869760112，数量: 1
[2026-05-22 14:27:04] GET /carts/mini 完成，HTTP 200
[2026-05-22 14:27:05] 加入购物车成功
[2026-05-22 14:27:05] 订单号: qb20260522062708140994247
[2026-05-22 14:27:05] 支付链接: https://www.hnlsxxkj.com/orders/qb20260522062708140994247/NiupayPay?type=create
[2026-05-22 14:27:31] 开始购买，QQ: 869760112，数量: 1
[2026-05-22 14:27:31] GET /carts/mini 完成，HTTP 200
[2026-05-22 14:27:31] 加入购物车成功
[2026-05-22 14:27:32] 订单号: qb20260522062734978181610
[2026-05-22 14:27:32] 支付链接: https://www.hnlsxxkj.com/orders/qb20260522062734978181610/NiupayPay?type=create
[2026-05-22 14:49:30] 开始购买，QQ: 869760112，数量: 1
[2026-05-22 14:49:30] GET /carts/mini 完成，HTTP 200
[2026-05-22 14:49:31] 加入购物车成功
[2026-05-22 14:49:31] 订单号: qb20260522064934170476738
[2026-05-22 14:49:31] 支付链接: https://www.hnlsxxkj.com/orders/qb20260522064934170476738/NiupayPay?type=create
[2026-05-22 14:50:02] 开始购买，QQ: 869760112，数量: 1
[2026-05-22 14:50:03] GET /carts/mini 完成，HTTP 200
[2026-05-22 14:50:03] 加入购物车成功
[2026-05-22 14:50:03] 订单号: qb20260522065006520395080
[2026-05-22 14:50:03] 支付链接: https://www.hnlsxxkj.com/orders/qb20260522065006520395080/NiupayPay?type=create
[2026-05-22 14:50:03] 请求异常: [WinError 10053] 你的主机中的软件中止了一个已建立的连接。
[2026-05-22 14:50:06] 开始购买，QQ: 869760112，数量: 1
[2026-05-22 14:50:06] GET /carts/mini 完成，HTTP 200
[2026-05-22 14:50:07] 加入购物车成功
[2026-05-22 14:50:07] 订单号: qb20260522065010229338354
[2026-05-22 14:50:07] 支付链接: https://www.hnlsxxkj.com/orders/qb20260522065010229338354/NiupayPay?type=create
[2026-05-22 14:51:30] 开始购买，QQ: 869760112，数量: 3
[2026-05-22 14:51:31] GET /carts/mini 完成，HTTP 200
[2026-05-22 14:51:31] 加入购物车成功
[2026-05-22 14:51:31] 订单号: qb20260522065134478838342
[2026-05-22 14:51:31] 支付链接: https://www.hnlsxxkj.com/orders/qb20260522065134478838342/NiupayPay?type=create
[2026-05-22 14:51:44] 开始购买，QQ: 869760112，数量: 1
[2026-05-22 14:51:44] GET /carts/mini 完成，HTTP 200
[2026-05-22 14:51:45] 加入购物车成功
[2026-05-22 14:51:45] 订单号: qb20260522065148167916113
[2026-05-22 14:51:45] 支付链接: https://www.hnlsxxkj.com/orders/qb20260522065148167916113/NiupayPay?type=create
[2026-05-22 14:51:46] 开始购买，QQ: 869760112，数量: 1
[2026-05-22 14:51:47] GET /carts/mini 完成，HTTP 200
[2026-05-22 14:51:47] 加入购物车成功
[2026-05-22 14:51:47] 订单号: qb20260522065150469733219
[2026-05-22 14:51:47] 支付链接: https://www.hnlsxxkj.com/orders/qb20260522065150469733219/NiupayPay?type=create
[2026-05-22 14:51:48] 开始购买，QQ: 869760112，数量: 1
[2026-05-22 14:51:49] GET /carts/mini 完成，HTTP 200
[2026-05-22 14:51:49] 加入购物车成功
[2026-05-22 14:51:49] 订单号: qb20260522065152386353866
[2026-05-22 14:51:49] 支付链接: https://www.hnlsxxkj.com/orders/qb20260522065152386353866/NiupayPay?type=create
[2026-05-22 14:51:56] 开始购买，QQ: 869760112，数量: 3
[2026-05-22 14:51:56] GET /carts/mini 完成，HTTP 200
[2026-05-22 14:51:56] 加入购物车成功
[2026-05-22 14:51:56] 订单号: qb20260522065159545660184
[2026-05-22 14:51:56] 支付链接: https://www.hnlsxxkj.com/orders/qb20260522065159545660184/NiupayPay?type=create
[2026-05-22 14:52:14] 开始购买，QQ: 869760112，数量: 1
[2026-05-22 14:52:14] GET /carts/mini 完成，HTTP 200
[2026-05-22 14:52:15] 加入购物车成功
[2026-05-22 14:52:15] 订单号: qb20260522065218206499741
[2026-05-22 14:52:15] 支付链接: https://www.hnlsxxkj.com/orders/qb20260522065218206499741/NiupayPay?type=create
[2026-05-22 14:52:55] 开始购买，QQ: 869760112，数量: 1
[2026-05-22 14:52:55] GET /carts/mini 完成，HTTP 200
[2026-05-22 14:52:56] 加入购物车成功
[2026-05-22 14:52:56] 订单号: qb20260522065259174633503
[2026-05-22 14:52:56] 支付链接: https://www.hnlsxxkj.com/orders/qb20260522065259174633503/NiupayPay?type=create
[2026-05-22 14:53:55] 开始购买，QQ: 869760112，数量: 1
[2026-05-22 14:53:55] GET /carts/mini 完成，HTTP 200
[2026-05-22 14:53:55] 加入购物车成功
[2026-05-22 14:53:55] 订单号: qb20260522065358596923010
[2026-05-22 14:53:55] 支付链接: https://www.hnlsxxkj.com/orders/qb20260522065358596923010/NiupayPay?type=create
[2026-05-22 14:54:36] 开始购买，QQ: 869760112，数量: 2
[2026-05-22 14:54:36] GET /carts/mini 完成，HTTP 200
[2026-05-22 14:54:36] 加入购物车成功
[2026-05-22 14:54:37] 订单号: qb20260522065439949899107
[2026-05-22 14:54:37] 支付链接: https://www.hnlsxxkj.com/orders/qb20260522065439949899107/NiupayPay?type=create
[2026-05-22 14:56:02] 开始购买，QQ: 869760112，数量: 1
[2026-05-22 14:56:03] GET /carts/mini 完成，HTTP 200
[2026-05-22 14:56:03] 加入购物车成功
[2026-05-22 14:56:03] 订单号: qb20260522065606399298323
[2026-05-22 14:56:03] 支付链接: https://www.hnlsxxkj.com/orders/qb20260522065606399298323/NiupayPay?type=create
[2026-05-22 14:56:04] 开始购买，QQ: 869760112，数量: 1
[2026-05-22 14:56:04] GET /carts/mini 完成，HTTP 200
[2026-05-22 14:56:04] 加入购物车成功
[2026-05-22 14:56:05] 订单号: qb20260522065607945677599
[2026-05-22 14:56:05] 支付链接: https://www.hnlsxxkj.com/orders/qb20260522065607945677599/NiupayPay?type=create
[2026-05-22 15:44:25] 开始购买，QQ: 869760112，数量: 1
[2026-05-22 15:44:25] 请求异常: 'baseUrl'
[2026-05-22 15:53:25] [牛牛] Cookie 配置已更新
[2026-05-22 15:53:30] [叨叨] 开始购买，QQ: 869760112，将生成 1 个独立订单
[2026-05-22 15:53:30] [叨叨] 正在创建第 1/1 个订单…
[2026-05-22 15:53:30] [叨叨] 第 1 个：GET /carts/mini 完成，HTTP 200
[2026-05-22 15:53:30] [叨叨] 第 1 个：加入购物车成功
[2026-05-22 15:53:30] [叨叨] 第 1 个订单号: qb20260522075333744181317
[2026-05-22 15:53:30] [叨叨] 全部完成，共 1 个订单
[2026-05-22 15:53:34] [牛牛] 开始购买，QQ: 869760112，将生成 1 个独立订单
[2026-05-22 15:53:34] [牛牛] 正在创建第 1/1 个订单…
[2026-05-22 15:53:34] [牛牛] 第 1 个：GET /carts/mini 完成，HTTP 200
[2026-05-22 15:53:35] [牛牛] 第 1 个：加入购物车成功
[2026-05-22 15:53:35] [牛牛] 第 1 个订单号: qb20260522155338157261029
[2026-05-22 15:53:35] [牛牛] 全部完成，共 1 个订单
[2026-05-22 15:55:22] [叨叨] Cookie 配置已更新
[2026-05-22 15:55:54] [牛牛] 开始购买，QQ: 869760112，将生成 1 个独立订单
[2026-05-22 15:55:54] [牛牛] 正在创建第 1/1 个订单…
[2026-05-22 15:55:55] [牛牛] 第 1 个：GET /carts/mini 完成，HTTP 200
[2026-05-22 15:55:55] [牛牛] 第 1 个：加入购物车成功
[2026-05-22 15:55:55] [牛牛] 第 1 个订单号: qb20260522155558360114135
[2026-05-22 15:55:55] [牛牛] 全部完成，共 1 个订单
[2026-05-22 15:56:51] [牛牛] 开始购买，QQ: 869760112，将生成 1 个独立订单
[2026-05-22 15:56:51] [牛牛] 正在创建第 1/1 个订单…
[2026-05-22 15:56:51] [牛牛] 第 1 个：GET /carts/mini 完成，HTTP 200
[2026-05-22 15:56:51] [牛牛] 第 1 个：加入购物车成功
[2026-05-22 15:56:51] [牛牛] 第 1 个订单号: qb20260522155654777811037
[2026-05-22 15:56:51] [牛牛] 全部完成，共 1 个订单
[2026-05-22 15:56:52] [牛牛] 开始购买，QQ: 869760112，将生成 1 个独立订单
[2026-05-22 15:56:52] [牛牛] 正在创建第 1/1 个订单…
[2026-05-22 15:56:53] [牛牛] 第 1 个：GET /carts/mini 完成，HTTP 200
[2026-05-22 15:56:53] [牛牛] 第 1 个：加入购物车成功
[2026-05-22 15:56:53] [牛牛] 第 1 个订单号: qb20260522155656268260456
[2026-05-22 15:56:53] [牛牛] 全部完成，共 1 个订单
[2026-05-22 15:58:32] [牛牛] 开始购买，QQ: 869760112，将生成 1 个独立订单
[2026-05-22 15:58:32] [牛牛] 正在创建第 1/1 个订单…
[2026-05-22 15:58:33] [牛牛] 第 1 个：GET /carts/mini 完成，HTTP 200
[2026-05-22 15:58:33] [牛牛] 第 1 个：加入购物车成功
[2026-05-22 15:58:33] [牛牛] 第 1 个订单号: qb20260522155836400481593
[2026-05-22 15:58:33] [牛牛] 全部完成，共 1 个订单
[2026-05-22 15:58:34] [牛牛] 开始购买，QQ: 869760112，将生成 1 个独立订单
[2026-05-22 15:58:34] [牛牛] 正在创建第 1/1 个订单…
[2026-05-22 15:58:34] [牛牛] 第 1 个：GET /carts/mini 完成，HTTP 200
[2026-05-22 15:58:34] [牛牛] 第 1 个：加入购物车成功
[2026-05-22 15:58:35] [牛牛] 第 1 个订单号: qb20260522155837911340430
[2026-05-22 15:58:35] [牛牛] 全部完成，共 1 个订单
[2026-05-22 15:58:35] [牛牛] 开始购买，QQ: 869760112，将生成 1 个独立订单
[2026-05-22 15:58:35] [牛牛] 正在创建第 1/1 个订单…
[2026-05-22 15:58:36] [牛牛] 第 1 个：GET /carts/mini 完成，HTTP 200
[2026-05-22 15:58:36] [牛牛] 第 1 个：加入购物车成功
[2026-05-22 15:58:36] [牛牛] 第 1 个订单号: qb20260522155839364819835
[2026-05-22 15:58:36] [牛牛] 全部完成，共 1 个订单
[2026-05-22 16:00:42] [牛牛] 开始购买，QQ: 869760112，将生成 1 个独立订单
[2026-05-22 16:00:42] [牛牛] 正在创建第 1/1 个订单…
[2026-05-22 16:00:42] [牛牛] 第 1 个：GET /carts/mini 完成，HTTP 200
[2026-05-22 16:00:42] [牛牛] 第 1 个：加入购物车成功
[2026-05-22 16:00:43] [牛牛] 第 1 个订单号: qb20260522160045908482207
[2026-05-22 16:00:43] [牛牛] 全部完成，共 1 个订单
[2026-05-22 16:00:43] [牛牛] 开始购买，QQ: 869760112，将生成 1 个独立订单
[2026-05-22 16:00:43] [牛牛] 正在创建第 1/1 个订单…
[2026-05-22 16:00:44] [牛牛] 第 1 个：GET /carts/mini 完成，HTTP 200
[2026-05-22 16:00:44] [牛牛] 第 1 个：加入购物车成功
[2026-05-22 16:00:44] [牛牛] 第 1 个订单号: qb20260522160047336915721
[2026-05-22 16:00:44] [牛牛] 全部完成，共 1 个订单
[2026-05-22 16:00:45] [牛牛] 开始购买，QQ: 869760112，将生成 1 个独立订单
[2026-05-22 16:00:45] [牛牛] 正在创建第 1/1 个订单…
[2026-05-22 16:00:45] [牛牛] 第 1 个：GET /carts/mini 完成，HTTP 200
[2026-05-22 16:00:45] [牛牛] 第 1 个：加入购物车成功
[2026-05-22 16:00:46] [牛牛] 第 1 个订单号: qb20260522160048850295995
[2026-05-22 16:00:46] [牛牛] 全部完成，共 1 个订单
